Downloading https://mirrors.cloud.tencent.com/gradle/gradle-9.3.1-all.zip
......................10%......................20%.......................30%......................40%.......................50%......................60%......................70%.......................80%......................90%.......................100%

Welcome to Gradle 9.3.1!

Here are the highlights of this release:
 - Test reporting improvements
 - Error and warning improvements
 - Build authoring improvements

For more details see https://docs.gradle.org/9.3.1/release-notes.html

Starting a Gradle Daemon (subsequent builds will be faster)

> Configure project :app
w: file:///app/app/build.gradle.kts:177:42: 'fun exec(p0: String!): Process!' is deprecated. Deprecated in Java.
w: file:///app/app/build.gradle.kts:207:41: 'fun exec(p0: String!): Process!' is deprecated. Deprecated in Java.
w: file:///app/app/build.gradle.kts:212:41: 'fun exec(p0: String!): Process!' is deprecated. Deprecated in Java.
w: file:///app/app/build.gradle.kts:222:38: 'fun exec(p0: String!): Process!' is deprecated. Deprecated in Java.
output file name: PokeClaw_v0.6.12_20260502_053555.apk
output file name: PokeClaw_v0.6.12_20260502_053555.apk
Checking the license for package Android SDK Build-Tools 36 in /opt/android-sdk/licenses
License for package Android SDK Build-Tools 36 accepted.
Preparing "Install Android SDK Build-Tools 36 v.36.0.0".
"Install Android SDK Build-Tools 36 v.36.0.0" ready.
Installing Android SDK Build-Tools 36 in /opt/android-sdk/build-tools/36.0.0
"Install Android SDK Build-Tools 36 v.36.0.0" complete.
"Install Android SDK Build-Tools 36 v.36.0.0" finished.
Checking the license for package Android SDK Platform 36.1 in /opt/android-sdk/licenses
License for package Android SDK Platform 36.1 accepted.
Preparing "Install Android SDK Platform 36.1 (revision 1)".
"Install Android SDK Platform 36.1 (revision 1)" ready.
Installing Android SDK Platform 36.1 in /opt/android-sdk/platforms/android-36.1
"Install Android SDK Platform 36.1 (revision 1)" complete.
"Install Android SDK Platform 36.1 (revision 1)" finished.
[=========                              ] 25%
> Task :app:injectBuildFingerprint
> Task :app:preBuild
> Task :app:preDebugBuild
> Task :app:generateDebugBuildConfig
> Task :app:generateDebugResources
> Task :app:packageDebugResources
> Task :app:processDebugNavigationResources
> Task :app:javaPreCompileDebug
> Task :app:parseDebugLocalResources
> Task :app:checkDebugAarMetadata
> Task :app:mapDebugSourceSetPaths
> Task :app:generateDebugRFile
> Task :app:compileDebugNavigationResources
> Task :app:createDebugCompatibleScreenManifests
> Task :app:extractDeepLinksDebug
> Task :app:mergeDebugResources
> Task :app:processDebugMainManifest
> Task :app:processDebugManifest
> Task :app:preDebugUnitTestBuild
> Task :app:javaPreCompileDebugUnitTest
> Task :app:processDebugManifestForPackage
> Task :app:processDebugResources
> Task :app:compileDebugKotlin
w: file:///app/app/src/main/java/io/agents/pokeclaw/AppViewModel.kt:117:26 'static field SCREEN_DIM_WAKE_LOCK: Int' is deprecated. Deprecated in Java.
w: file:///app/app/src/main/java/io/agents/pokeclaw/AppViewModel.kt:117:63 'static field ACQUIRE_CAUSES_WAKEUP: Int' is deprecated. Deprecated in Java.
w: file:///app/app/src/main/java/io/agents/pokeclaw/agent/llm/GeminiCloudProvider.kt:272:50 Unchecked cast of 'Map<*, *>!' to 'Map<String, Any>'.
w: file:///app/app/src/main/java/io/agents/pokeclaw/agent/llm/LocalLlmClient.kt:108:42 The corresponding parameter in the supertype 'OpenApiTool' is named 'paramsJsonString'. This may cause problems when calling this function with named arguments.
w: file:///app/app/src/main/java/io/agents/pokeclaw/base/AbstractBaseActivity.kt:28:5 Modifier 'open' is redundant in presence of 'abstract'.
w: file:///app/app/src/main/java/io/agents/pokeclaw/channel/telegram/TelegramChannelHandler.kt:66:51 'fun create(contentType: MediaType?, content: String): RequestBody' is deprecated. Moved to extension function. Put the 'content' argument first to fix Java.
w: file:///app/app/src/main/java/io/agents/pokeclaw/channel/telegram/TelegramChannelHandler.kt:245:40 'fun create(contentType: MediaType?, content: String): RequestBody' is deprecated. Moved to extension function. Put the 'content' argument first to fix Java.
w: file:///app/app/src/main/java/io/agents/pokeclaw/debug/DebugTaskReceiver.kt:170:48 'fun get(p0: String!): Any?' is deprecated. Deprecated in Java.
w: file:///app/app/src/main/java/io/agents/pokeclaw/server/ConfigServer.kt:322:28 'val parms: (Mutable)Map<String!, String!>!' is deprecated. Deprecated in Java.
w: file:///app/app/src/main/java/io/agents/pokeclaw/server/ConfigServerManager.kt:120:41 'val connectionInfo: WifiInfo!' is deprecated. Deprecated in Java.
w: file:///app/app/src/main/java/io/agents/pokeclaw/server/ConfigServerManager.kt:121:35 'val ipAddress: Int' is deprecated. Deprecated in Java.
w: file:///app/app/src/main/java/io/agents/pokeclaw/ui/chat/ChatScreen.kt:1024:51 'val Icons.Outlined.Chat: ImageVector' is deprecated. Use the AutoMirrored version at Icons.AutoMirrored.Outlined.Chat.
w: file:///app/app/src/main/java/io/agents/pokeclaw/ui/chat/ChatScreen.kt:1754:51 'val Icons.Outlined.Chat: ImageVector' is deprecated. Use the AutoMirrored version at Icons.AutoMirrored.Outlined.Chat.
w: file:///app/app/src/main/java/io/agents/pokeclaw/ui/chat/ChatScreen.kt:1806:39 'val Icons.Outlined.Send: ImageVector' is deprecated. Use the AutoMirrored version at Icons.AutoMirrored.Outlined.Send.
w: file:///app/app/src/main/java/io/agents/pokeclaw/ui/chat/ChatScreen.kt:2328:13 'fun Divider(modifier: Modifier = ..., thickness: Dp = ..., color: Color = ...): Unit' is deprecated. Renamed to HorizontalDivider.
w: file:///app/app/src/main/java/io/agents/pokeclaw/ui/chat/ComposeChatActivity.kt:138:16 'var statusBarColor: Int' is deprecated. Deprecated in Java.
w: file:///app/app/src/main/java/io/agents/pokeclaw/ui/settings/ChannelConfigActivity.kt:42:34 'fun getSerializableExtra(p0: String!): Serializable?' is deprecated. Deprecated in Java.
w: file:///app/app/src/main/java/io/agents/pokeclaw/ui/settings/LlmConfigActivity.kt:53:16 'var statusBarColor: Int' is deprecated. Deprecated in Java.
w: file:///app/app/src/main/java/io/agents/pokeclaw/ui/settings/SettingsActivity.kt:88:16 'var statusBarColor: Int' is deprecated. Deprecated in Java.
w: file:///app/app/src/main/java/io/agents/pokeclaw/ui/settings/SettingsActivity.kt:664:29 'when' is exhaustive so 'else' is redundant here.
w: file:///app/app/src/main/java/io/agents/pokeclaw/ui/settings/ThemeActivity.kt:43:16 'var statusBarColor: Int' is deprecated. Deprecated in Java.
w: file:///app/app/src/main/java/io/agents/pokeclaw/widget/InputDialog.kt:132:13 'var navigationBarColor: Int' is deprecated. Deprecated in Java.
w: file:///app/app/src/main/java/io/agents/pokeclaw/widget/InputDialog.kt:133:70 'static field SOFT_INPUT_ADJUST_RESIZE: Int' is deprecated. Deprecated in Java.

> Task :app:compileDebugJavaWithJavac
Note: Some input files use or override a deprecated API.
Note: Recompile with -Xlint:deprecation for details.

> Task :app:processDebugJavaRes
> Task :app:bundleDebugClassesToCompileJar
> Task :app:bundleDebugClassesToRuntimeJar
> Task :app:compileDebugUnitTestKotlin
> Task :app:compileDebugUnitTestJavaWithJavac NO-SOURCE
> Task :app:processDebugUnitTestJavaRes
> Task :app:testDebugUnitTest
> Task :app:test

[Incubating] Problems report is available at: file:///app/build/reports/problems/problems-report.html

BUILD SUCCESSFUL in 4m 41s
27 actionable tasks: 27 executed
